src/app/dashboard/layout.tsx(4,34): error TS7031: Binding element 'children' implicitly has an 'any' type.
src/app/dashboard/upload/page.tsx(9,9): error TS2322: Type '{ title: string; description: string; }' is not assignable to type 'IntrinsicAttributes & PageHeaderProps'.
  Property 'description' does not exist on type 'IntrinsicAttributes & PageHeaderProps'.
src/components/ui/auth-form-1.tsx(722,30): error TS2345: Argument of type '(prev: FormState) => { error: string | undefined; isLoading: boolean; showPassword: boolean; }' is not assignable to parameter of type 'SetStateAction<FormState>'.
  Type '(prev: FormState) => { error: string | undefined; isLoading: boolean; showPassword: boolean; }' is not assignable to type '(prevState: FormState) => FormState'.
    Call signature return types '{ error: string | undefined; isLoading: boolean; showPassword: boolean; }' and 'FormState' are incompatible.
      The types of 'error' are incompatible between these types.
        Type 'string | undefined' is not assignable to type 'string | null'.
          Type 'undefined' is not assignable to type 'string | null'.
